[2024-04-09T22:12:51.585+0800][gc] Using G1
[2024-04-09T22:12:51.590+0800][gc,init] Version: 17.0.8+7-Debian-1deb12u1 (release)
[2024-04-09T22:12:51.590+0800][gc,init] CPUs: 16 total, 16 available
[2024-04-09T22:12:51.590+0800][gc,init] Memory: 15853M
[2024-04-09T22:12:51.590+0800][gc,init] Large Page Support: Disabled
[2024-04-09T22:12:51.590+0800][gc,init] NUMA Support: Disabled
[2024-04-09T22:12:51.590+0800][gc,init] Compressed Oops: Enabled (32-bit)
[2024-04-09T22:12:51.590+0800][gc,init] Heap Region Size: 1M
[2024-04-09T22:12:51.590+0800][gc,init] Heap Min Capacity: 512M
[2024-04-09T22:12:51.590+0800][gc,init] Heap Initial Capacity: 512M
[2024-04-09T22:12:51.590+0800][gc,init] Heap Max Capacity: 512M
[2024-04-09T22:12:51.590+0800][gc,init] Pre-touch: Disabled
[2024-04-09T22:12:51.590+0800][gc,init] Parallel Workers: 13
[2024-04-09T22:12:51.590+0800][gc,init] Concurrent Workers: 3
[2024-04-09T22:12:51.590+0800][gc,init] Concurrent Refinement Workers: 13
[2024-04-09T22:12:51.590+0800][gc,init] Periodic GC: Disabled
[2024-04-09T22:12:51.594+0800][gc,metaspace] CDS archive(s) mapped at: [0x00007f7937000000-0x00007f7937beb000-0x00007f7937beb000), size 12496896, SharedBaseAddress: 0x00007f7937000000, ArchiveRelocationMode: 1.
[2024-04-09T22:12:51.594+0800][gc,metaspace] Compressed class space mapped at: 0x00007f7938000000-0x00007f7978000000, reserved size: 1073741824
[2024-04-09T22:12:51.594+0800][gc,metaspace] Narrow klass base: 0x00007f7937000000, Narrow klass shift: 0, Narrow klass range: 0x100000000
[2024-04-09T22:12:55.974+0800][gc,heap,exit] Heap
[2024-04-09T22:12:55.974+0800][gc,heap,exit]  garbage-first heap   total 524288K, used 25578K [0x00000000e0000000, 0x0000000100000000)
[2024-04-09T22:12:55.974+0800][gc,heap,exit]   region size 1024K, 25 young (25600K), 0 survivors (0K)
[2024-04-09T22:12:55.974+0800][gc,heap,exit]  Metaspace       used 7794K, committed 7936K, reserved 1114112K
[2024-04-09T22:12:55.974+0800][gc,heap,exit]   class space    used 869K, committed 960K, reserved 1048576K
