[2024-04-09T22:11:45.303+0800][gc,heap] Heap region size: 1M
[2024-04-09T22:11:45.319+0800][gc     ] Using G1
[2024-04-09T22:11:45.319+0800][gc,heap,coops] Heap address: 0x00000000e0000000, size: 512 MB, Compressed Oops mode: 32-bit
[2024-04-09T22:11:45.823+0800][gc,start     ] GC(0) Pause Young (Normal) (G1 Evacuation Pause)
[2024-04-09T22:11:45.825+0800][gc,task      ] GC(0) Using 12 workers of 13 for evacuation
[2024-04-09T22:11:45.833+0800][gc,phases    ] GC(0)   Pre Evacuate Collection Set: 0.0ms
[2024-04-09T22:11:45.833+0800][gc,phases    ] GC(0)   Evacuate Collection Set: 8.0ms
[2024-04-09T22:11:45.833+0800][gc,phases    ] GC(0)   Post Evacuate Collection Set: 0.4ms
[2024-04-09T22:11:45.833+0800][gc,phases    ] GC(0)   Other: 1.3ms
[2024-04-09T22:11:45.833+0800][gc,heap      ] GC(0) Eden regions: 25->0(21)
[2024-04-09T22:11:45.833+0800][gc,heap      ] GC(0) Survivor regions: 0->4(4)
[2024-04-09T22:11:45.833+0800][gc,heap      ] GC(0) Old regions: 0->4
[2024-04-09T22:11:45.833+0800][gc,heap      ] GC(0) Humongous regions: 0->0
[2024-04-09T22:11:45.833+0800][gc,metaspace ] GC(0) Metaspace: 14332K->14332K(1062912K)
[2024-04-09T22:11:45.833+0800][gc           ] GC(0) Pause Young (Normal) (G1 Evacuation Pause) 25M->7M(512M) 9.814ms
[2024-04-09T22:11:45.833+0800][gc,cpu       ] GC(0) User=0.03s Sys=0.05s Real=0.01s
